.\venv\Scripts\python : Cr
eating test database for a
lias 'default'...
строка:1 знак:1
+ .\venv\Scripts\python ma
nage.py test > test_log.tx
t 2>&1
+ ~~~~~~~~~~~~~~~~~~~~~~~~
~~~~~~~~~~~~~~~~~~~~~~~~~~
~~~~~~
    + CategoryInfo        
      : NotSpe    cified: 
(Creatin    g test d...as 
'd    efault'...:Strin    
g) [], RemoteExc    eption
    + FullyQualified    Er
rorId : Native    CommandE
rror
 

...C:\Users\LENOVO\Downloa
ds\MarsSpace\backend\venv\
Lib\site-packages\django\c
ore\handlers\base.py:61: U
serWarning: No directory a
t: C:\Users\LENOVO\Downloa
ds\MarsSpace\backend\stati
cfiles\
  mw_instance = middleware
(adapted_handler)
..FFF....EEEEEEEEE.......E
EEEEEEEEEE................
.....F...........
==========================
==========================
==================
ERROR: test_authenticated_
user_can_create_submission
 (courses.tests.HomeworkSu
bmissionViewSetTest.test_a
uthenticated_user_can_crea
te_submission)
--------------------------
--------------------------
------------------
Traceback (most recent cal
l last):
  File "C:\Users\LENOVO\Do
wnloads\MarsSpace\backend\
courses\tests.py", line 28
1, in setUp
    self.submission_list_u
rl = reverse('homeworksubm
ission-list')
                          
     ~~~~~~~^^^^^^^^^^^^^^
^^^^^^^^^^^^^
  File "C:\Users\LENOVO\Do
wnloads\MarsSpace\backend\
venv\Lib\site-packages\dja
ngo\urls\base.py", line 98
, in reverse
    resolved_url = resolve
r._reverse_with_prefix(vie
w, prefix, *args, **kwargs
)
  File "C:\Users\LENOVO\Do
wnloads\MarsSpace\backend\
venv\Lib\site-packages\dja
ngo\urls\resolvers.py", li
ne 831, in _reverse_with_p
refix
    raise NoReverseMatch(m
sg)
django.urls.exceptions.NoR
everseMatch: Reverse for '
homeworksubmission-list' n
ot found. 'homeworksubmiss
ion-list' is not a valid v
iew function or pattern na
me.

==========================
==========================
==================
ERROR: test_authenticated_
user_can_list_own_submissi
ons (courses.tests.Homewor
kSubmissionViewSetTest.tes
t_authenticated_user_can_l
ist_own_submissions)
--------------------------
--------------------------
------------------
Traceback (most recent cal
l last):
  File "C:\Users\LENOVO\Do
wnloads\MarsSpace\backend\
courses\tests.py", line 28
1, in setUp
    self.submission_list_u
rl = reverse('homeworksubm
ission-list')
                          
     ~~~~~~~^^^^^^^^^^^^^^
^^^^^^^^^^^^^
  File "C:\Users\LENOVO\Do
wnloads\MarsSpace\backend\
venv\Lib\site-packages\dja
ngo\urls\base.py", line 98
, in reverse
    resolved_url = resolve
r._reverse_with_prefix(vie
w, prefix, *args, **kwargs
)
  File "C:\Users\LENOVO\Do
wnloads\MarsSpace\backend\
venv\Lib\site-packages\dja
ngo\urls\resolvers.py", li
ne 831, in _reverse_with_p
refix
    raise NoReverseMatch(m
sg)
django.urls.exceptions.NoR
everseMatch: Reverse for '
homeworksubmission-list' n
ot found. 'homeworksubmiss
ion-list' is not a valid v
iew function or pattern na
me.

==========================
==========================
==================
ERROR: test_authenticated_
user_can_retrieve_own_subm
ission (courses.tests.Home
workSubmissionViewSetTest.
test_authenticated_user_ca
n_retrieve_own_submission)
--------------------------
--------------------------
------------------
Traceback (most recent cal
l last):
  File "C:\Users\LENOVO\Do
wnloads\MarsSpace\backend\
courses\tests.py", line 28
1, in setUp
    self.submission_list_u
rl = reverse('homeworksubm
ission-list')
                          
     ~~~~~~~^^^^^^^^^^^^^^
^^^^^^^^^^^^^
  File "C:\Users\LENOVO\Do
wnloads\MarsSpace\backend\
venv\Lib\site-packages\dja
ngo\urls\base.py", line 98
, in reverse
    resolved_url = resolve
r._reverse_with_prefix(vie
w, prefix, *args, **kwargs
)
  File "C:\Users\LENOVO\Do
wnloads\MarsSpace\backend\
venv\Lib\site-packages\dja
ngo\urls\resolvers.py", li
ne 831, in _reverse_with_p
refix
    raise NoReverseMatch(m
sg)
django.urls.exceptions.NoR
everseMatch: Reverse for '
homeworksubmission-list' n
ot found. 'homeworksubmiss
ion-list' is not a valid v
iew function or pattern na
me.

==========================
==========================
==================
ERROR: test_authenticated_
user_can_update_own_submis
sion (courses.tests.Homewo
rkSubmissionViewSetTest.te
st_authenticated_user_can_
update_own_submission)
--------------------------
--------------------------
------------------
Traceback (most recent cal
l last):
  File "C:\Users\LENOVO\Do
wnloads\MarsSpace\backend\
courses\tests.py", line 28
1, in setUp
    self.submission_list_u
rl = reverse('homeworksubm
ission-list')
                          
     ~~~~~~~^^^^^^^^^^^^^^
^^^^^^^^^^^^^
  File "C:\Users\LENOVO\Do
wnloads\MarsSpace\backend\
venv\Lib\site-packages\dja
ngo\urls\base.py", line 98
, in reverse
    resolved_url = resolve
r._reverse_with_prefix(vie
w, prefix, *args, **kwargs
)
  File "C:\Users\LENOVO\Do
wnloads\MarsSpace\backend\
venv\Lib\site-packages\dja
ngo\urls\resolvers.py", li
ne 831, in _reverse_with_p
refix
    raise NoReverseMatch(m
sg)
django.urls.exceptions.NoR
everseMatch: Reverse for '
homeworksubmission-list' n
ot found. 'homeworksubmiss
ion-list' is not a valid v
iew function or pattern na
me.

==========================
==========================
==================
ERROR: test_authenticated_
user_cannot_delete_submiss
ion (courses.tests.Homewor
kSubmissionViewSetTest.tes
t_authenticated_user_canno
t_delete_submission)
--------------------------
--------------------------
------------------
Traceback (most recent cal
l last):
  File "C:\Users\LENOVO\Do
wnloads\MarsSpace\backend\
courses\tests.py", line 28
1, in setUp
    self.submission_list_u
rl = reverse('homeworksubm
ission-list')
                          
     ~~~~~~~^^^^^^^^^^^^^^
^^^^^^^^^^^^^
  File "C:\Users\LENOVO\Do
wnloads\MarsSpace\backend\
venv\Lib\site-packages\dja
ngo\urls\base.py", line 98
, in reverse
    resolved_url = resolve
r._reverse_with_prefix(vie
w, prefix, *args, **kwargs
)
  File "C:\Users\LENOVO\Do
wnloads\MarsSpace\backend\
venv\Lib\site-packages\dja
ngo\urls\resolvers.py", li
ne 831, in _reverse_with_p
refix
    raise NoReverseMatch(m
sg)
django.urls.exceptions.NoR
everseMatch: Reverse for '
homeworksubmission-list' n
ot found. 'homeworksubmiss
ion-list' is not a valid v
iew function or pattern na
me.

==========================
==========================
==================
ERROR: test_authenticated_
user_cannot_list_other_use
rs_submissions (courses.te
sts.HomeworkSubmissionView
SetTest.test_authenticated
_user_cannot_list_other_us
ers_submissions)
--------------------------
--------------------------
------------------
Traceback (most recent cal
l last):
  File "C:\Users\LENOVO\Do
wnloads\MarsSpace\backend\
courses\tests.py", line 28
1, in setUp
    self.submission_list_u
rl = reverse('homeworksubm
ission-list')
                          
     ~~~~~~~^^^^^^^^^^^^^^
^^^^^^^^^^^^^
  File "C:\Users\LENOVO\Do
wnloads\MarsSpace\backend\
venv\Lib\site-packages\dja
ngo\urls\base.py", line 98
, in reverse
    resolved_url = resolve
r._reverse_with_prefix(vie
w, prefix, *args, **kwargs
)
  File "C:\Users\LENOVO\Do
wnloads\MarsSpace\backend\
venv\Lib\site-packages\dja
ngo\urls\resolvers.py", li
ne 831, in _reverse_with_p
refix
    raise NoReverseMatch(m
sg)
django.urls.exceptions.NoR
everseMatch: Reverse for '
homeworksubmission-list' n
ot found. 'homeworksubmiss
ion-list' is not a valid v
iew function or pattern na
me.

==========================
==========================
==================
ERROR: test_authenticated_
user_cannot_retrieve_other
_users_submission (courses
.tests.HomeworkSubmissionV
iewSetTest.test_authentica
ted_user_cannot_retrieve_o
ther_users_submission)
--------------------------
--------------------------
------------------
Traceback (most recent cal
l last):
  File "C:\Users\LENOVO\Do
wnloads\MarsSpace\backend\
courses\tests.py", line 28
1, in setUp
    self.submission_list_u
rl = reverse('homeworksubm
ission-list')
                          
     ~~~~~~~^^^^^^^^^^^^^^
^^^^^^^^^^^^^
  File "C:\Users\LENOVO\Do
wnloads\MarsSpace\backend\
venv\Lib\site-packages\dja
ngo\urls\base.py", line 98
, in reverse
    resolved_url = resolve
r._reverse_with_prefix(vie
w, prefix, *args, **kwargs
)
  File "C:\Users\LENOVO\Do
wnloads\MarsSpace\backend\
venv\Lib\site-packages\dja
ngo\urls\resolvers.py", li
ne 831, in _reverse_with_p
refix
    raise NoReverseMatch(m
sg)
django.urls.exceptions.NoR
everseMatch: Reverse for '
homeworksubmission-list' n
ot found. 'homeworksubmiss
ion-list' is not a valid v
iew function or pattern na
me.

==========================
==========================
==================
ERROR: test_authenticated_
user_cannot_update_submiss
ion_status_or_comment (cou
rses.tests.HomeworkSubmiss
ionViewSetTest.test_authen
ticated_user_cannot_update
_submission_status_or_comm
ent)
--------------------------
--------------------------
------------------
Traceback (most recent cal
l last):
  File "C:\Users\LENOVO\Do
wnloads\MarsSpace\backend\
courses\tests.py", line 28
1, in setUp
    self.submission_list_u
rl = reverse('homeworksubm
ission-list')
                          
     ~~~~~~~^^^^^^^^^^^^^^
^^^^^^^^^^^^^
  File "C:\Users\LENOVO\Do
wnloads\MarsSpace\backend\
venv\Lib\site-packages\dja
ngo\urls\base.py", line 98
, in reverse
    resolved_url = resolve
r._reverse_with_prefix(vie
w, prefix, *args, **kwargs
)
  File "C:\Users\LENOVO\Do
wnloads\MarsSpace\backend\
venv\Lib\site-packages\dja
ngo\urls\resolvers.py", li
ne 831, in _reverse_with_p
refix
    raise NoReverseMatch(m
sg)
django.urls.exceptions.NoR
everseMatch: Reverse for '
homeworksubmission-list' n
ot found. 'homeworksubmiss
ion-list' is not a valid v
iew function or pattern na
me.

==========================
==========================
==================
ERROR: test_unauthenticate
d_user_cannot_access_submi
ssions (courses.tests.Home
workSubmissionViewSetTest.
test_unauthenticated_user_
cannot_access_submissions)
--------------------------
--------------------------
------------------
Traceback (most recent cal
l last):
  File "C:\Users\LENOVO\Do
wnloads\MarsSpace\backend\
courses\tests.py", line 28
1, in setUp
    self.submission_list_u
rl = reverse('homeworksubm
ission-list')
                          
     ~~~~~~~^^^^^^^^^^^^^^
^^^^^^^^^^^^^
  File "C:\Users\LENOVO\Do
wnloads\MarsSpace\backend\
venv\Lib\site-packages\dja
ngo\urls\base.py", line 98
, in reverse
    resolved_url = resolve
r._reverse_with_prefix(vie
w, prefix, *args, **kwargs
)
  File "C:\Users\LENOVO\Do
wnloads\MarsSpace\backend\
venv\Lib\site-packages\dja
ngo\urls\resolvers.py", li
ne 831, in _reverse_with_p
refix
    raise NoReverseMatch(m
sg)
django.urls.exceptions.NoR
everseMatch: Reverse for '
homeworksubmission-list' n
ot found. 'homeworksubmiss
ion-list' is not a valid v
iew function or pattern na
me.

==========================
==========================
==================
ERROR: test_authenticated_
user_can_complete_next_les
son (courses.tests.Progres
sViewSetTest.test_authenti
cated_user_can_complete_ne
xt_lesson)
--------------------------
--------------------------
------------------
Traceback (most recent cal
l last):
  File "C:\Users\LENOVO\Do
wnloads\MarsSpace\backend\
courses\tests.py", line 18
1, in setUp
    self.progress_list_url
 = reverse('progress-list'
)
                          
   ~~~~~~~^^^^^^^^^^^^^^^^
^
  File "C:\Users\LENOVO\Do
wnloads\MarsSpace\backend\
venv\Lib\site-packages\dja
ngo\urls\base.py", line 98
, in reverse
    resolved_url = resolve
r._reverse_with_prefix(vie
w, prefix, *args, **kwargs
)
  File "C:\Users\LENOVO\Do
wnloads\MarsSpace\backend\
venv\Lib\site-packages\dja
ngo\urls\resolvers.py", li
ne 831, in _reverse_with_p
refix
    raise NoReverseMatch(m
sg)
django.urls.exceptions.NoR
everseMatch: Reverse for '
progress-list' not found. 
'progress-list' is not a v
alid view function or patt
ern name.

==========================
==========================
==================
ERROR: test_authenticated_
user_can_list_own_progress
 (courses.tests.ProgressVi
ewSetTest.test_authenticat
ed_user_can_list_own_progr
ess)
--------------------------
--------------------------
------------------
Traceback (most recent cal
l last):
  File "C:\Users\LENOVO\Do
wnloads\MarsSpace\backend\
courses\tests.py", line 18
1, in setUp
    self.progress_list_url
 = reverse('progress-list'
)
                          
   ~~~~~~~^^^^^^^^^^^^^^^^
^
  File "C:\Users\LENOVO\Do
wnloads\MarsSpace\backend\
venv\Lib\site-packages\dja
ngo\urls\base.py", line 98
, in reverse
    resolved_url = resolve
r._reverse_with_prefix(vie
w, prefix, *args, **kwargs
)
  File "C:\Users\LENOVO\Do
wnloads\MarsSpace\backend\
venv\Lib\site-packages\dja
ngo\urls\resolvers.py", li
ne 831, in _reverse_with_p
refix
    raise NoReverseMatch(m
sg)
django.urls.exceptions.NoR
everseMatch: Reverse for '
progress-list' not found. 
'progress-list' is not a v
alid view function or patt
ern name.

==========================
==========================
==================
ERROR: test_authenticated_
user_can_re_complete_alrea
dy_completed_lesson (cours
es.tests.ProgressViewSetTe
st.test_authenticated_user
_can_re_complete_already_c
ompleted_lesson)
--------------------------
--------------------------
------------------
Traceback (most recent cal
l last):
  File "C:\Users\LENOVO\Do
wnloads\MarsSpace\backend\
courses\tests.py", line 18
1, in setUp
    self.progress_list_url
 = reverse('progress-list'
)
                          
   ~~~~~~~^^^^^^^^^^^^^^^^
^
  File "C:\Users\LENOVO\Do
wnloads\MarsSpace\backend\
venv\Lib\site-packages\dja
ngo\urls\base.py", line 98
, in reverse
    resolved_url = resolve
r._reverse_with_prefix(vie
w, prefix, *args, **kwargs
)
  File "C:\Users\LENOVO\Do
wnloads\MarsSpace\backend\
venv\Lib\site-packages\dja
ngo\urls\resolvers.py", li
ne 831, in _reverse_with_p
refix
    raise NoReverseMatch(m
sg)
django.urls.exceptions.NoR
everseMatch: Reverse for '
progress-list' not found. 
'progress-list' is not a v
alid view function or patt
ern name.

==========================
==========================
==================
ERROR: test_authenticated_
user_can_retrieve_own_prog
ress (courses.tests.Progre
ssViewSetTest.test_authent
icated_user_can_retrieve_o
wn_progress)
--------------------------
--------------------------
------------------
Traceback (most recent cal
l last):
  File "C:\Users\LENOVO\Do
wnloads\MarsSpace\backend\
courses\tests.py", line 18
1, in setUp
    self.progress_list_url
 = reverse('progress-list'
)
                          
   ~~~~~~~^^^^^^^^^^^^^^^^
^
  File "C:\Users\LENOVO\Do
wnloads\MarsSpace\backend\
venv\Lib\site-packages\dja
ngo\urls\base.py", line 98
, in reverse
    resolved_url = resolve
r._reverse_with_prefix(vie
w, prefix, *args, **kwargs
)
  File "C:\Users\LENOVO\Do
wnloads\MarsSpace\backend\
venv\Lib\site-packages\dja
ngo\urls\resolvers.py", li
ne 831, in _reverse_with_p
refix
    raise NoReverseMatch(m
sg)
django.urls.exceptions.NoR
everseMatch: Reverse for '
progress-list' not found. 
'progress-list' is not a v
alid view function or patt
ern name.

==========================
==========================
==================
ERROR: test_authenticated_
user_cannot_complete_lesso
n_out_of_order (courses.te
sts.ProgressViewSetTest.te
st_authenticated_user_cann
ot_complete_lesson_out_of_
order)
--------------------------
--------------------------
------------------
Traceback (most recent cal
l last):
  File "C:\Users\LENOVO\Do
wnloads\MarsSpace\backend\
courses\tests.py", line 18
1, in setUp
    self.progress_list_url
 = reverse('progress-list'
)
                          
   ~~~~~~~^^^^^^^^^^^^^^^^
^
  File "C:\Users\LENOVO\Do
wnloads\MarsSpace\backend\
venv\Lib\site-packages\dja
ngo\urls\base.py", line 98
, in reverse
    resolved_url = resolve
r._reverse_with_prefix(vie
w, prefix, *args, **kwargs
)
  File "C:\Users\LENOVO\Do
wnloads\MarsSpace\backend\
venv\Lib\site-packages\dja
ngo\urls\resolvers.py", li
ne 831, in _reverse_with_p
refix
    raise NoReverseMatch(m
sg)
django.urls.exceptions.NoR
everseMatch: Reverse for '
progress-list' not found. 
'progress-list' is not a v
alid view function or patt
ern name.

==========================
==========================
==================
ERROR: test_authenticated_
user_cannot_complete_nonex
istent_lesson (courses.tes
ts.ProgressViewSetTest.tes
t_authenticated_user_canno
t_complete_nonexistent_les
son)
--------------------------
--------------------------
------------------
Traceback (most recent cal
l last):
  File "C:\Users\LENOVO\Do
wnloads\MarsSpace\backend\
courses\tests.py", line 18
1, in setUp
    self.progress_list_url
 = reverse('progress-list'
)
                          
   ~~~~~~~^^^^^^^^^^^^^^^^
^
  File "C:\Users\LENOVO\Do
wnloads\MarsSpace\backend\
venv\Lib\site-packages\dja
ngo\urls\base.py", line 98
, in reverse
    resolved_url = resolve
r._reverse_with_prefix(vie
w, prefix, *args, **kwargs
)
  File "C:\Users\LENOVO\Do
wnloads\MarsSpace\backend\
venv\Lib\site-packages\dja
ngo\urls\resolvers.py", li
ne 831, in _reverse_with_p
refix
    raise NoReverseMatch(m
sg)
django.urls.exceptions.NoR
everseMatch: Reverse for '
progress-list' not found. 
'progress-list' is not a v
alid view function or patt
ern name.

==========================
==========================
==================
ERROR: test_authenticated_
user_cannot_list_other_use
rs_progress (courses.tests
.ProgressViewSetTest.test_
authenticated_user_cannot_
list_other_users_progress)
--------------------------
--------------------------
------------------
Traceback (most recent cal
l last):
  File "C:\Users\LENOVO\Do
wnloads\MarsSpace\backend\
courses\tests.py", line 18
1, in setUp
    self.progress_list_url
 = reverse('progress-list'
)
                          
   ~~~~~~~^^^^^^^^^^^^^^^^
^
  File "C:\Users\LENOVO\Do
wnloads\MarsSpace\backend\
venv\Lib\site-packages\dja
ngo\urls\base.py", line 98
, in reverse
    resolved_url = resolve
r._reverse_with_prefix(vie
w, prefix, *args, **kwargs
)
  File "C:\Users\LENOVO\Do
wnloads\MarsSpace\backend\
venv\Lib\site-packages\dja
ngo\urls\resolvers.py", li
ne 831, in _reverse_with_p
refix
    raise NoReverseMatch(m
sg)
django.urls.exceptions.NoR
everseMatch: Reverse for '
progress-list' not found. 
'progress-list' is not a v
alid view function or patt
ern name.

==========================
==========================
==================
ERROR: test_authenticated_
user_cannot_retrieve_other
_users_progress (courses.t
ests.ProgressViewSetTest.t
est_authenticated_user_can
not_retrieve_other_users_p
rogress)
--------------------------
--------------------------
------------------
Traceback (most recent cal
l last):
  File "C:\Users\LENOVO\Do
wnloads\MarsSpace\backend\
courses\tests.py", line 18
1, in setUp
    self.progress_list_url
 = reverse('progress-list'
)
Found 72 test(s).
System check identified no issues (0 silenced).
                          
   ~~~~~~~^^^^^^^^^^^^^^^^
^
  File "C:\Users\LENOVO\Do
wnloads\MarsSpace\backend\
venv\Lib\site-packages\dja
ngo\urls\base.py", line 98
, in reverse
    resolved_url = resolve
r._reverse_with_prefix(vie
w, prefix, *args, **kwargs
)
  File "C:\Users\LENOVO\Do
wnloads\MarsSpace\backend\
venv\Lib\site-packages\dja
ngo\urls\resolvers.py", li
ne 831, in _reverse_with_p
refix
    raise NoReverseMatch(m
sg)
django.urls.exceptions.NoR
everseMatch: Reverse for '
progress-list' not found. 
'progress-list' is not a v
alid view function or patt
ern name.

==========================
==========================
==================
ERROR: test_unauthenticate
d_user_cannot_complete_les
son (courses.tests.Progres
sViewSetTest.test_unauthen
ticated_user_cannot_comple
te_lesson)
--------------------------
--------------------------
------------------
Traceback (most recent cal
l last):
  File "C:\Users\LENOVO\Do
wnloads\MarsSpace\backend\
courses\tests.py", line 18
1, in setUp
    self.progress_list_url
 = reverse('progress-list'
)
                          
   ~~~~~~~^^^^^^^^^^^^^^^^
^
  File "C:\Users\LENOVO\Do
wnloads\MarsSpace\backend\
venv\Lib\site-packages\dja
ngo\urls\base.py", line 98
, in reverse
    resolved_url = resolve
r._reverse_with_prefix(vie
w, prefix, *args, **kwargs
)
  File "C:\Users\LENOVO\Do
wnloads\MarsSpace\backend\
venv\Lib\site-packages\dja
ngo\urls\resolvers.py", li
ne 831, in _reverse_with_p
refix
    raise NoReverseMatch(m
sg)
django.urls.exceptions.NoR
everseMatch: Reverse for '
progress-list' not found. 
'progress-list' is not a v
alid view function or patt
ern name.

==========================
==========================
==================
ERROR: test_unauthenticate
d_user_cannot_list_progres
s (courses.tests.ProgressV
iewSetTest.test_unauthenti
cated_user_cannot_list_pro
gress)
--------------------------
--------------------------
------------------
Traceback (most recent cal
l last):
  File "C:\Users\LENOVO\Do
wnloads\MarsSpace\backend\
courses\tests.py", line 18
1, in setUp
    self.progress_list_url
 = reverse('progress-list'
)
                          
   ~~~~~~~^^^^^^^^^^^^^^^^
^
  File "C:\Users\LENOVO\Do
wnloads\MarsSpace\backend\
venv\Lib\site-packages\dja
ngo\urls\base.py", line 98
, in reverse
    resolved_url = resolve
r._reverse_with_prefix(vie
w, prefix, *args, **kwargs
)
  File "C:\Users\LENOVO\Do
wnloads\MarsSpace\backend\
venv\Lib\site-packages\dja
ngo\urls\resolvers.py", li
ne 831, in _reverse_with_p
refix
    raise NoReverseMatch(m
sg)
django.urls.exceptions.NoR
everseMatch: Reverse for '
progress-list' not found. 
'progress-list' is not a v
alid view function or patt
ern name.

==========================
==========================
==================
ERROR: test_unauthenticate
d_user_cannot_retrieve_pro
gress (courses.tests.Progr
essViewSetTest.test_unauth
enticated_user_cannot_retr
ieve_progress)
--------------------------
--------------------------
------------------
Traceback (most recent cal
l last):
  File "C:\Users\LENOVO\Do
wnloads\MarsSpace\backend\
courses\tests.py", line 18
1, in setUp
    self.progress_list_url
 = reverse('progress-list'
)
                          
   ~~~~~~~^^^^^^^^^^^^^^^^
^
  File "C:\Users\LENOVO\Do
wnloads\MarsSpace\backend\
venv\Lib\site-packages\dja
ngo\urls\base.py", line 98
, in reverse
    resolved_url = resolve
r._reverse_with_prefix(vie
w, prefix, *args, **kwargs
)
  File "C:\Users\LENOVO\Do
wnloads\MarsSpace\backend\
venv\Lib\site-packages\dja
ngo\urls\resolvers.py", li
ne 831, in _reverse_with_p
refix
    raise NoReverseMatch(m
sg)
django.urls.exceptions.NoR
everseMatch: Reverse for '
progress-list' not found. 
'progress-list' is not a v
alid view function or patt
ern name.

==========================
==========================
==================
FAIL: test_authenticated_u
ser_cannot_create_course (
courses.tests.CourseViewSe
tTest.test_authenticated_u
ser_cannot_create_course)
--------------------------
--------------------------
------------------
Traceback (most recent cal
l last):
  File "C:\Users\LENOVO\Do
wnloads\MarsSpace\backend\
courses\tests.py", line 15
4, in test_authenticated_u
ser_cannot_create_course
    self.assertEqual(respo
nse.status_code, status.HT
TP_403_FORBIDDEN)
    ~~~~~~~~~~~~~~~~^^^^^^
^^^^^^^^^^^^^^^^^^^^^^^^^^
^^^^^^^^^^^^^^^^^
AssertionError: 405 != 403

==========================
==========================
==================
FAIL: test_authenticated_u
ser_cannot_delete_course (
courses.tests.CourseViewSe
tTest.test_authenticated_u
ser_cannot_delete_course)
--------------------------
--------------------------
------------------
Traceback (most recent cal
l last):
  File "C:\Users\LENOVO\Do
wnloads\MarsSpace\backend\
courses\tests.py", line 16
5, in test_authenticated_u
ser_cannot_delete_course
    self.assertEqual(respo
nse.status_code, status.HT
TP_403_FORBIDDEN)
    ~~~~~~~~~~~~~~~~^^^^^^
^^^^^^^^^^^^^^^^^^^^^^^^^^
^^^^^^^^^^^^^^^^^
AssertionError: 405 != 403

==========================
==========================
==================
FAIL: test_authenticated_u
ser_cannot_update_course (
courses.tests.CourseViewSe
tTest.test_authenticated_u
ser_cannot_update_course)
--------------------------
--------------------------
------------------
Traceback (most recent cal
l last):
  File "C:\Users\LENOVO\Do
wnloads\MarsSpace\backend\
courses\tests.py", line 16
0, in test_authenticated_u
ser_cannot_update_course
    self.assertEqual(respo
nse.status_code, status.HT
TP_403_FORBIDDEN)
    ~~~~~~~~~~~~~~~~^^^^^^
^^^^^^^^^^^^^^^^^^^^^^^^^^
^^^^^^^^^^^^^^^^^
AssertionError: 405 != 403

==========================
==========================
==================
FAIL: test_admin_user_crea
tion (users.tests.UserMode
lTest.test_admin_user_crea
tion)
--------------------------
--------------------------
------------------
Traceback (most recent cal
l last):
  File "C:\Users\LENOVO\Do
wnloads\MarsSpace\backend\
users\tests.py", line 19, 
in test_admin_user_creatio
n
    self.assertEqual(admin
_user.role, User.Role.ADMI
N)
    ~~~~~~~~~~~~~~~~^^^^^^
^^^^^^^^^^^^^^^^^^^^^^^^^^
^^
AssertionError: User.Role.
STUDENT != User.Role.ADMIN

--------------------------
--------------------------
------------------
Ran 72 tests in 84.969s

FAILED (failures=4, errors
=20)
Destroying test database f
or alias 'default'...

